exit_code
findings.detail
findings.fixes
findings.id
findings.remedy.argv
findings.remedy.kind
findings.remedy.label
findings.remedy.pid
findings.remedy.reversible
findings.remedy.risk
findings.remedy.signal
findings.severity
findings.title
schema_version
snapshot.cpu.base_mhz
snapshot.cpu.cores
snapshot.cpu.freq_mhz
snapshot.cpu.iowait_percent
snapshot.cpu.load1
snapshot.cpu.per_core_percent
snapshot.cpu.steal_percent
snapshot.cpu.top_process.cpu_percent
snapshot.cpu.top_process.name
snapshot.cpu.top_process.pid
snapshot.cpu.top_process.rss_bytes
snapshot.cpu.used_percent
snapshot.disks.await_ms
snapshot.disks.free_bytes
snapshot.disks.growth_bytes_per_sec
snapshot.disks.inodes_used_percent
snapshot.disks.iops
snapshot.disks.mount
snapshot.disks.smart.passed
snapshot.disks.smart.temp_c
snapshot.disks.smart.wear_percent
snapshot.disks.used_percent
snapshot.disks.util_percent
snapshot.gpus.base_clock_mhz
snapshot.gpus.clock_mhz
snapshot.gpus.name
snapshot.gpus.processes.name
snapshot.gpus.processes.pid
snapshot.gpus.processes.vram_used_bytes
snapshot.gpus.temp_c
snapshot.gpus.util_percent
snapshot.gpus.vram_total_bytes
snapshot.gpus.vram_used_bytes
snapshot.llm.gpu_offload_percent
snapshot.llm.host_cpu_percent
snapshot.llm.name
snapshot.memory.available_percent
snapshot.memory.swap_in_bytes_per_sec
snapshot.memory.swap_out_bytes_per_sec
snapshot.memory.swap_total_bytes
snapshot.memory.swap_used_percent
snapshot.memory.top_process.cpu_percent
snapshot.memory.top_process.name
snapshot.memory.top_process.pid
snapshot.memory.top_process.rss_bytes
snapshot.memory.used_percent
snapshot.net.link_speed_bps
snapshot.net.name
snapshot.net.retransmit_percent
snapshot.net.rx_bytes_per_sec
snapshot.net.tx_bytes_per_sec
snapshot.power.charge_rate_watts
snapshot.power.design_capacity_fraction
snapshot.power.low_power_mode
snapshot.power.minutes_left
snapshot.power.on_battery
snapshot.power.percent
snapshot.thermal.cpu_temp_c
snapshot.thermal.throttling
timestamp
verdict
